// Jest Snapshot v1, https://goo.gl/fbAQLP

exports[`App react-test-renderer test  1`] = `
<div
  className="sc-bdvvtL KhUZD"
/>
`;
