// Jest Snapshot v1, https://goo.gl/fbAQLP

exports[`StagePlayers render test  1`] = `
<span>
  Loading...
</span>
`;
