// Jest Snapshot v1, https://goo.gl/fbAQLP

exports[`App render test  1`] = `
<div
  className="sc-bdvvtL KhUZD"
/>
`;
