// Jest Snapshot v1, https://goo.gl/fbAQLP

exports[`App render test  1`] = `
<div
  className="sc-gsDKAQ hbqSUT"
>
  <div
    className="sc-dkPtRN gnDrrL"
  >
    <img
      data-testid="gameOver-Won-img"
      src="Tetris-Founder.png"
      style={
        Object {
          "width": "255px",
        }
      }
    />
    <h1>
      You Win! Congratulations! 
    </h1>
    <p>
      Wait for host to restart the game
    </p>
  </div>
</div>
`;
