// Jest Snapshot v1, https://goo.gl/fbAQLP

exports[`Multiplayer render test  1`] = `
<div
  className="sc-jrQzAO lhRSqT"
  data-testid="styled-tet-wra"
  onKeyDown={[Function]}
  onKeyUp={[Function]}
  role="button"
  tabIndex="0"
>
  <div
    className="container"
  >
    <div
      className="sc-kDTinF jkRuxW"
    >
      <div
        className="w-100 row"
      >
        <div
          className="flex justify-center red-tetris__col-stage mb-20 col-lg-12 col-xl-12"
        >
          <div
            className="sc-gsDKAQ bzNBex"
            height={20}
            width={10}
          >
            <div
              className="sc-bdvvtL yBcMv"
              color="0, 0, 0"
              type={0}
            />
            <div
              className="sc-bdvvtL yBcMv"
              color="0, 0, 0"
              type={0}
            />
            <div
              className="sc-bdvvtL yBcMv"
              color="0, 0, 0"
              type={0}
            />
            <div
              className="sc-bdvvtL yBcMv"
              color="0, 0, 0"
              type={0}
            />
            <div
              className="sc-bdvvtL yBcMv"
              color="0, 0, 0"
              type={0}
            />
            <div
              className="sc-bdvvtL yBcMv"
              color="0, 0, 0"
              type={0}
            />
            <div
              className="sc-bdvvtL yBcMv"
              color="0, 0, 0"
              type={0}
            />
            <div
              className="sc-bdvvtL yBcMv"
              color="0, 0, 0"
              type={0}
            />
            <div
              className="sc-bdvvtL yBcMv"
              color="0, 0, 0"
              type={0}
            />
            <div
              className="sc-bdvvtL yBcMv"
              color="0, 0, 0"
              type={0}
            />
            <div
              className="sc-bdvvtL yBcMv"
              color="0, 0, 0"
              type={0}
            />
            <div
              className="sc-bdvvtL yBcMv"
              color="0, 0, 0"
              type={0}
            />
            <div
              className="sc-bdvvtL yBcMv"
              color="0, 0, 0"
              type={0}
            />
            <div
              className="sc-bdvvtL yBcMv"
              color="0, 0, 0"
              type={0}
            />
            <div
              className="sc-bdvvtL yBcMv"
              color="0, 0, 0"
              type={0}
            />
            <div
              className="sc-bdvvtL yBcMv"
              color="0, 0, 0"
              type={0}
            />
            <div
              className="sc-bdvvtL yBcMv"
              color="0, 0, 0"
              type={0}
            />
            <div
              className="sc-bdvvtL yBcMv"
              color="0, 0, 0"
              type={0}
            />
            <div
              className="sc-bdvvtL yBcMv"
              color="0, 0, 0"
              type={0}
            />
            <div
              className="sc-bdvvtL yBcMv"
              color="0, 0, 0"
              type={0}
            />
            <div
              className="sc-bdvvtL yBcMv"
              color="0, 0, 0"
              type={0}
            />
            <div
              className="sc-bdvvtL yBcMv"
              color="0, 0, 0"
              type={0}
            />
            <div
              className="sc-bdvvtL yBcMv"
              color="0, 0, 0"
              type={0}
            />
            <div
              className="sc-bdvvtL yBcMv"
              color="0, 0, 0"
              type={0}
            />
            <div
              className="sc-bdvvtL yBcMv"
              color="0, 0, 0"
              type={0}
            />
            <div
              className="sc-bdvvtL yBcMv"
              color="0, 0, 0"
              type={0}
            />
            <div
              className="sc-bdvvtL yBcMv"
              color="0, 0, 0"
              type={0}
            />
            <div
              className="sc-bdvvtL yBcMv"
              color="0, 0, 0"
              type={0}
            />
            <div
              className="sc-bdvvtL yBcMv"
              color="0, 0, 0"
              type={0}
            />
            <div
              className="sc-bdvvtL yBcMv"
              color="0, 0, 0"
              type={0}
            />
            <div
              className="sc-bdvvtL yBcMv"
              color="0, 0, 0"
              type={0}
            />
            <div
              className="sc-bdvvtL yBcMv"
              color="0, 0, 0"
              type={0}
            />
            <div
              className="sc-bdvvtL yBcMv"
              color="0, 0, 0"
              type={0}
            />
            <div
              className="sc-bdvvtL yBcMv"
              color="0, 0, 0"
              type={0}
            />
            <div
              className="sc-bdvvtL yBcMv"
              color="0, 0, 0"
              type={0}
            />
            <div
              className="sc-bdvvtL yBcMv"
              color="0, 0, 0"
              type={0}
            />
            <div
              className="sc-bdvvtL yBcMv"
              color="0, 0, 0"
              type={0}
            />
            <div
              className="sc-bdvvtL yBcMv"
              color="0, 0, 0"
              type={0}
            />
            <div
              className="sc-bdvvtL yBcMv"
              color="0, 0, 0"
              type={0}
            />
            <div
              className="sc-bdvvtL yBcMv"
              color="0, 0, 0"
              type={0}
            />
            <div
              className="sc-bdvvtL yBcMv"
              color="0, 0, 0"
              type={0}
            />
            <div
              className="sc-bdvvtL yBcMv"
              color="0, 0, 0"
              type={0}
            />
            <div
              className="sc-bdvvtL yBcMv"
              color="0, 0, 0"
              type={0}
            />
            <div
              className="sc-bdvvtL yBcMv"
              color="0, 0, 0"
              type={0}
            />
            <div
              className="sc-bdvvtL yBcMv"
              color="0, 0, 0"
              type={0}
            />
            <div
              className="sc-bdvvtL yBcMv"
              color="0, 0, 0"
              type={0}
            />
            <div
              className="sc-bdvvtL yBcMv"
              color="0, 0, 0"
              type={0}
            />
            <div
              className="sc-bdvvtL yBcMv"
              color="0, 0, 0"
              type={0}
            />
            <div
              className="sc-bdvvtL yBcMv"
              color="0, 0, 0"
              type={0}
            />
            <div
              className="sc-bdvvtL yBcMv"
              color="0, 0, 0"
              type={0}
            />
            <div
              className="sc-bdvvtL yBcMv"
              color="0, 0, 0"
              type={0}
            />
            <div
              className="sc-bdvvtL yBcMv"
              color="0, 0, 0"
              type={0}
            />
            <div
              className="sc-bdvvtL yBcMv"
              color="0, 0, 0"
              type={0}
            />
            <div
              className="sc-bdvvtL yBcMv"
              color="0, 0, 0"
              type={0}
            />
            <div
              className="sc-bdvvtL yBcMv"
              color="0, 0, 0"
              type={0}
            />
            <div
              className="sc-bdvvtL yBcMv"
              color="0, 0, 0"
              type={0}
            />
            <div
              className="sc-bdvvtL yBcMv"
              color="0, 0, 0"
              type={0}
            />
            <div
              className="sc-bdvvtL yBcMv"
              color="0, 0, 0"
              type={0}
            />
            <div
              className="sc-bdvvtL yBcMv"
              color="0, 0, 0"
              type={0}
            />
            <div
              className="sc-bdvvtL yBcMv"
              color="0, 0, 0"
              type={0}
            />
            <div
              className="sc-bdvvtL yBcMv"
              color="0, 0, 0"
              type={0}
            />
            <div
              className="sc-bdvvtL yBcMv"
              color="0, 0, 0"
              type={0}
            />
            <div
              className="sc-bdvvtL yBcMv"
              color="0, 0, 0"
              type={0}
            />
            <div
              className="sc-bdvvtL yBcMv"
              color="0, 0, 0"
              type={0}
            />
            <div
              className="sc-bdvvtL yBcMv"
              color="0, 0, 0"
              type={0}
            />
            <div
              className="sc-bdvvtL yBcMv"
              color="0, 0, 0"
              type={0}
            />
            <div
              className="sc-bdvvtL yBcMv"
              color="0, 0, 0"
              type={0}
            />
            <div
              className="sc-bdvvtL yBcMv"
              color="0, 0, 0"
              type={0}
            />
            <div
              className="sc-bdvvtL yBcMv"
              color="0, 0, 0"
              type={0}
            />
            <div
              className="sc-bdvvtL yBcMv"
              color="0, 0, 0"
              type={0}
            />
            <div
              className="sc-bdvvtL yBcMv"
              color="0, 0, 0"
              type={0}
            />
            <div
              className="sc-bdvvtL yBcMv"
              color="0, 0, 0"
              type={0}
            />
            <div
              className="sc-bdvvtL yBcMv"
              color="0, 0, 0"
              type={0}
            />
            <div
              className="sc-bdvvtL yBcMv"
              color="0, 0, 0"
              type={0}
            />
            <div
              className="sc-bdvvtL yBcMv"
              color="0, 0, 0"
              type={0}
            />
            <div
              className="sc-bdvvtL yBcMv"
              color="0, 0, 0"
              type={0}
            />
            <div
              className="sc-bdvvtL yBcMv"
              color="0, 0, 0"
              type={0}
            />
            <div
              className="sc-bdvvtL yBcMv"
              color="0, 0, 0"
              type={0}
            />
            <div
              className="sc-bdvvtL yBcMv"
              color="0, 0, 0"
              type={0}
            />
            <div
              className="sc-bdvvtL yBcMv"
              color="0, 0, 0"
              type={0}
            />
            <div
              className="sc-bdvvtL yBcMv"
              color="0, 0, 0"
              type={0}
            />
            <div
              className="sc-bdvvtL yBcMv"
              color="0, 0, 0"
              type={0}
            />
            <div
              className="sc-bdvvtL yBcMv"
              color="0, 0, 0"
              type={0}
            />
            <div
              className="sc-bdvvtL yBcMv"
              color="0, 0, 0"
              type={0}
            />
            <div
              className="sc-bdvvtL yBcMv"
              color="0, 0, 0"
              type={0}
            />
            <div
              className="sc-bdvvtL yBcMv"
              color="0, 0, 0"
              type={0}
            />
            <div
              className="sc-bdvvtL yBcMv"
              color="0, 0, 0"
              type={0}
            />
            <div
              className="sc-bdvvtL yBcMv"
              color="0, 0, 0"
              type={0}
            />
            <div
              className="sc-bdvvtL yBcMv"
              color="0, 0, 0"
              type={0}
            />
            <div
              className="sc-bdvvtL yBcMv"
              color="0, 0, 0"
              type={0}
            />
            <div
              className="sc-bdvvtL yBcMv"
              color="0, 0, 0"
              type={0}
            />
            <div
              className="sc-bdvvtL yBcMv"
              color="0, 0, 0"
              type={0}
            />
            <div
              className="sc-bdvvtL yBcMv"
              color="0, 0, 0"
              type={0}
            />
            <div
              className="sc-bdvvtL yBcMv"
              color="0, 0, 0"
              type={0}
            />
            <div
              className="sc-bdvvtL yBcMv"
              color="0, 0, 0"
              type={0}
            />
            <div
              className="sc-bdvvtL yBcMv"
              color="0, 0, 0"
              type={0}
            />
            <div
              className="sc-bdvvtL yBcMv"
              color="0, 0, 0"
              type={0}
            />
            <div
              className="sc-bdvvtL yBcMv"
              color="0, 0, 0"
              type={0}
            />
            <div
              className="sc-bdvvtL yBcMv"
              color="0, 0, 0"
              type={0}
            />
            <div
              className="sc-bdvvtL yBcMv"
              color="0, 0, 0"
              type={0}
            />
            <div
              className="sc-bdvvtL yBcMv"
              color="0, 0, 0"
              type={0}
            />
            <div
              className="sc-bdvvtL yBcMv"
              color="0, 0, 0"
              type={0}
            />
            <div
              className="sc-bdvvtL yBcMv"
              color="0, 0, 0"
              type={0}
            />
            <div
              className="sc-bdvvtL yBcMv"
              color="0, 0, 0"
              type={0}
            />
            <div
              className="sc-bdvvtL yBcMv"
              color="0, 0, 0"
              type={0}
            />
            <div
              className="sc-bdvvtL yBcMv"
              color="0, 0, 0"
              type={0}
            />
            <div
              className="sc-bdvvtL yBcMv"
              color="0, 0, 0"
              type={0}
            />
            <div
              className="sc-bdvvtL yBcMv"
              color="0, 0, 0"
              type={0}
            />
            <div
              className="sc-bdvvtL yBcMv"
              color="0, 0, 0"
              type={0}
            />
            <div
              className="sc-bdvvtL yBcMv"
              color="0, 0, 0"
              type={0}
            />
            <div
              className="sc-bdvvtL yBcMv"
              color="0, 0, 0"
              type={0}
            />
            <div
              className="sc-bdvvtL yBcMv"
              color="0, 0, 0"
              type={0}
            />
            <div
              className="sc-bdvvtL yBcMv"
              color="0, 0, 0"
              type={0}
            />
            <div
              className="sc-bdvvtL yBcMv"
              color="0, 0, 0"
              type={0}
            />
            <div
              className="sc-bdvvtL yBcMv"
              color="0, 0, 0"
              type={0}
            />
            <div
              className="sc-bdvvtL yBcMv"
              color="0, 0, 0"
              type={0}
            />
            <div
              className="sc-bdvvtL yBcMv"
              color="0, 0, 0"
              type={0}
            />
            <div
              className="sc-bdvvtL yBcMv"
              color="0, 0, 0"
              type={0}
            />
            <div
              className="sc-bdvvtL yBcMv"
              color="0, 0, 0"
              type={0}
            />
            <div
              className="sc-bdvvtL yBcMv"
              color="0, 0, 0"
              type={0}
            />
            <div
              className="sc-bdvvtL yBcMv"
              color="0, 0, 0"
              type={0}
            />
            <div
              className="sc-bdvvtL yBcMv"
              color="0, 0, 0"
              type={0}
            />
            <div
              className="sc-bdvvtL yBcMv"
              color="0, 0, 0"
              type={0}
            />
            <div
              className="sc-bdvvtL yBcMv"
              color="0, 0, 0"
              type={0}
            />
            <div
              className="sc-bdvvtL yBcMv"
              color="0, 0, 0"
              type={0}
            />
            <div
              className="sc-bdvvtL yBcMv"
              color="0, 0, 0"
              type={0}
            />
            <div
              className="sc-bdvvtL yBcMv"
              color="0, 0, 0"
              type={0}
            />
            <div
              className="sc-bdvvtL yBcMv"
              color="0, 0, 0"
              type={0}
            />
            <div
              className="sc-bdvvtL yBcMv"
              color="0, 0, 0"
              type={0}
            />
            <div
              className="sc-bdvvtL yBcMv"
              color="0, 0, 0"
              type={0}
            />
            <div
              className="sc-bdvvtL yBcMv"
              color="0, 0, 0"
              type={0}
            />
            <div
              className="sc-bdvvtL yBcMv"
              color="0, 0, 0"
              type={0}
            />
            <div
              className="sc-bdvvtL yBcMv"
              color="0, 0, 0"
              type={0}
            />
            <div
              className="sc-bdvvtL yBcMv"
              color="0, 0, 0"
              type={0}
            />
            <div
              className="sc-bdvvtL yBcMv"
              color="0, 0, 0"
              type={0}
            />
            <div
              className="sc-bdvvtL yBcMv"
              color="0, 0, 0"
              type={0}
            />
            <div
              className="sc-bdvvtL yBcMv"
              color="0, 0, 0"
              type={0}
            />
            <div
              className="sc-bdvvtL yBcMv"
              color="0, 0, 0"
              type={0}
            />
            <div
              className="sc-bdvvtL yBcMv"
              color="0, 0, 0"
              type={0}
            />
            <div
              className="sc-bdvvtL yBcMv"
              color="0, 0, 0"
              type={0}
            />
            <div
              className="sc-bdvvtL yBcMv"
              color="0, 0, 0"
              type={0}
            />
            <div
              className="sc-bdvvtL yBcMv"
              color="0, 0, 0"
              type={0}
            />
            <div
              className="sc-bdvvtL yBcMv"
              color="0, 0, 0"
              type={0}
            />
            <div
              className="sc-bdvvtL yBcMv"
              color="0, 0, 0"
              type={0}
            />
            <div
              className="sc-bdvvtL yBcMv"
              color="0, 0, 0"
              type={0}
            />
            <div
              className="sc-bdvvtL yBcMv"
              color="0, 0, 0"
              type={0}
            />
            <div
              className="sc-bdvvtL yBcMv"
              color="0, 0, 0"
              type={0}
            />
            <div
              className="sc-bdvvtL yBcMv"
              color="0, 0, 0"
              type={0}
            />
            <div
              className="sc-bdvvtL yBcMv"
              color="0, 0, 0"
              type={0}
            />
            <div
              className="sc-bdvvtL yBcMv"
              color="0, 0, 0"
              type={0}
            />
            <div
              className="sc-bdvvtL yBcMv"
              color="0, 0, 0"
              type={0}
            />
            <div
              className="sc-bdvvtL yBcMv"
              color="0, 0, 0"
              type={0}
            />
            <div
              className="sc-bdvvtL yBcMv"
              color="0, 0, 0"
              type={0}
            />
            <div
              className="sc-bdvvtL yBcMv"
              color="0, 0, 0"
              type={0}
            />
            <div
              className="sc-bdvvtL yBcMv"
              color="0, 0, 0"
              type={0}
            />
            <div
              className="sc-bdvvtL yBcMv"
              color="0, 0, 0"
              type={0}
            />
            <div
              className="sc-bdvvtL yBcMv"
              color="0, 0, 0"
              type={0}
            />
            <div
              className="sc-bdvvtL yBcMv"
              color="0, 0, 0"
              type={0}
            />
            <div
              className="sc-bdvvtL yBcMv"
              color="0, 0, 0"
              type={0}
            />
            <div
              className="sc-bdvvtL yBcMv"
              color="0, 0, 0"
              type={0}
            />
            <div
              className="sc-bdvvtL yBcMv"
              color="0, 0, 0"
              type={0}
            />
            <div
              className="sc-bdvvtL yBcMv"
              color="0, 0, 0"
              type={0}
            />
            <div
              className="sc-bdvvtL yBcMv"
              color="0, 0, 0"
              type={0}
            />
            <div
              className="sc-bdvvtL yBcMv"
              color="0, 0, 0"
              type={0}
            />
            <div
              className="sc-bdvvtL yBcMv"
              color="0, 0, 0"
              type={0}
            />
            <div
              className="sc-bdvvtL yBcMv"
              color="0, 0, 0"
              type={0}
            />
            <div
              className="sc-bdvvtL yBcMv"
              color="0, 0, 0"
              type={0}
            />
            <div
              className="sc-bdvvtL yBcMv"
              color="0, 0, 0"
              type={0}
            />
            <div
              className="sc-bdvvtL yBcMv"
              color="0, 0, 0"
              type={0}
            />
            <div
              className="sc-bdvvtL yBcMv"
              color="0, 0, 0"
              type={0}
            />
            <div
              className="sc-bdvvtL yBcMv"
              color="0, 0, 0"
              type={0}
            />
            <div
              className="sc-bdvvtL yBcMv"
              color="0, 0, 0"
              type={0}
            />
            <div
              className="sc-bdvvtL yBcMv"
              color="0, 0, 0"
              type={0}
            />
            <div
              className="sc-bdvvtL yBcMv"
              color="0, 0, 0"
              type={0}
            />
            <div
              className="sc-bdvvtL yBcMv"
              color="0, 0, 0"
              type={0}
            />
            <div
              className="sc-bdvvtL yBcMv"
              color="0, 0, 0"
              type={0}
            />
            <div
              className="sc-bdvvtL yBcMv"
              color="0, 0, 0"
              type={0}
            />
            <div
              className="sc-bdvvtL yBcMv"
              color="0, 0, 0"
              type={0}
            />
            <div
              className="sc-bdvvtL yBcMv"
              color="0, 0, 0"
              type={0}
            />
            <div
              className="sc-bdvvtL yBcMv"
              color="0, 0, 0"
              type={0}
            />
            <div
              className="sc-bdvvtL yBcMv"
              color="0, 0, 0"
              type={0}
            />
            <div
              className="sc-bdvvtL yBcMv"
              color="0, 0, 0"
              type={0}
            />
            <div
              className="sc-bdvvtL yBcMv"
              color="0, 0, 0"
              type={0}
            />
            <div
              className="sc-bdvvtL yBcMv"
              color="0, 0, 0"
              type={0}
            />
            <div
              className="sc-bdvvtL yBcMv"
              color="0, 0, 0"
              type={0}
            />
            <div
              className="sc-bdvvtL yBcMv"
              color="0, 0, 0"
              type={0}
            />
            <div
              className="sc-bdvvtL yBcMv"
              color="0, 0, 0"
              type={0}
            />
            <div
              className="sc-bdvvtL yBcMv"
              color="0, 0, 0"
              type={0}
            />
            <div
              className="sc-bdvvtL yBcMv"
              color="0, 0, 0"
              type={0}
            />
            <div
              className="sc-bdvvtL yBcMv"
              color="0, 0, 0"
              type={0}
            />
            <div
              className="sc-bdvvtL yBcMv"
              color="0, 0, 0"
              type={0}
            />
            <div
              className="sc-bdvvtL yBcMv"
              color="0, 0, 0"
              type={0}
            />
            <div
              className="sc-bdvvtL yBcMv"
              color="0, 0, 0"
              type={0}
            />
            <div
              className="sc-bdvvtL yBcMv"
              color="0, 0, 0"
              type={0}
            />
            <div
              className="sc-bdvvtL yBcMv"
              color="0, 0, 0"
              type={0}
            />
            <div
              className="sc-bdvvtL yBcMv"
              color="0, 0, 0"
              type={0}
            />
            <div
              className="sc-bdvvtL yBcMv"
              color="0, 0, 0"
              type={0}
            />
            <div
              className="sc-bdvvtL yBcMv"
              color="0, 0, 0"
              type={0}
            />
            <div
              className="sc-bdvvtL yBcMv"
              color="0, 0, 0"
              type={0}
            />
            <div
              className="sc-bdvvtL yBcMv"
              color="0, 0, 0"
              type={0}
            />
          </div>
          <aside>
            <div
              className="sc-gKclnd jyHzmI"
            >
              <div
                className="sc-iCfMLu emHtQj"
              >
                Next
              </div>
              <div
                className="sc-pVTFL VYhPp"
              />
            </div>
            <div
              className="sc-jRQBWg jDBOnt"
            >
              <div
                className="sc-iCfMLu emHtQj"
              >
                Score
              </div>
              <div
                className="sc-furwcr fMMMyD"
              >
                0
              </div>
            </div>
            <div
              className="sc-jRQBWg jDBOnt"
            >
              <div
                className="sc-iCfMLu emHtQj"
              >
                Level
              </div>
              <div
                className="sc-furwcr fMMMyD"
              >
                0
              </div>
            </div>
            <div
              className="sc-jRQBWg jDBOnt"
            >
              <div
                className="sc-iCfMLu emHtQj"
              >
                Rows
              </div>
              <div
                className="sc-furwcr fMMMyD"
              >
                0
              </div>
            </div>
            <div
              className="sound-icon-wrapper"
              style={
                Object {
                  "cursor": "pointer",
                  "padding": "10px 0px 20px",
                  "textAlign": "center",
                }
              }
            >
              
              
              <svg
                aria-hidden="true"
                className="svg-inline--fa fa-volume-mute fa-w-16 fa-2x sound-icon"
                data-icon="volume-mute"
                data-prefix="fas"
                focusable="false"
                onClick={[Function]}
                role="img"
                style={Object {}}
                viewBox="0 0 512 512"
                xmlns="http://www.w3.org/2000/svg"
              >
                <path
                  d="M215.03 71.05L126.06 160H24c-13.26 0-24 10.74-24 24v144c0 13.25 10.74 24 24 24h102.06l88.97 88.95c15.03 15.03 40.97 4.47 40.97-16.97V88.02c0-21.46-25.96-31.98-40.97-16.97zM461.64 256l45.64-45.64c6.3-6.3 6.3-16.52 0-22.82l-22.82-22.82c-6.3-6.3-16.52-6.3-22.82 0L416 210.36l-45.64-45.64c-6.3-6.3-16.52-6.3-22.82 0l-22.82 22.82c-6.3 6.3-6.3 16.52 0 22.82L370.36 256l-45.63 45.63c-6.3 6.3-6.3 16.52 0 22.82l22.82 22.82c6.3 6.3 16.52 6.3 22.82 0L416 301.64l45.64 45.64c6.3 6.3 16.52 6.3 22.82 0l22.82-22.82c6.3-6.3 6.3-16.52 0-22.82L461.64 256z"
                  fill="currentColor"
                  style={Object {}}
                />
              </svg>
            </div>
          </aside>
        </div>
        <div
          className="spectersWrapper col-lg-12 col-xl-5"
        >
          <div
            className="w-100 row"
          />
        </div>
      </div>
    </div>
  </div>
</div>
`;
